1 2 11 3 13 4 12 15 5 18 6 14 17 20 7 24 8 16 23 9 22 10 19 21 25
